#
# There is insufficient memory for the Java Runtime Environment to continue.
# Native memory allocation (malloc) failed to allocate 2097152 bytes. Error detail: AllocateHeap
# Possible reasons:
#   The system is out of physical RAM or swap space
#   This process is running with CompressedOops enabled, and the Java Heap may be blocking the growth of the native heap
# Possible solutions:
#   Reduce memory load on the system
#   Increase physical memory or swap space
#   Check if swap backing store is full
#   Decrease Java heap size (-Xmx/-Xms)
#   Decrease number of Java threads
#   Decrease Java thread stack sizes (-Xss)
#   Set larger code cache with -XX:ReservedCodeCacheSize=
#   JVM is running with Unscaled Compressed Oops mode in which the Java heap is
#     placed in the first 4GB address space. The Java Heap base address is the
#     maximum limit for the native heap growth. Please use -XX:HeapBaseMinAddress
#     to set the Java Heap base and to place the Java Heap above 4GB virtual address.
# This output file may be truncated or incomplete.
#
#  Out of Memory Error (allocation.cpp:44), pid=10024, tid=13476
#
# JRE version: OpenJDK Runtime Environment Temurin-17.0.12+7 (17.0.12+7) (build 17.0.12+7)
# Java VM: OpenJDK 64-Bit Server VM Temurin-17.0.12+7 (17.0.12+7, mixed mode, emulated-client, tiered, compressed oops, compressed class ptrs, g1 gc, windows-amd64)
# No core dump will be written. Minidumps are not enabled by default on client versions of Windows
#

---------------  S U M M A R Y ------------

Command Line: -Xmx1024m -Dsts.lsp.client=vscode -Dsts.log.file=/dev/null -XX:TieredStopAtLevel=1 -Xlog:jni+resolve=off -Dspring.config.location=file:c:\Users\martin\.vscode\extensions\vmware.vscode-spring-boot-1.56.0\language-server\BOOT-INF\classes\application.properties org.springframework.ide.vscode.boot.app.BootLanguageServerBootApp

Host: 11th Gen Intel(R) Core(TM) i5-1135G7 @ 2.40GHz, 8 cores, 7G,  Windows 11 , 64 bit Build 22621 (10.0.22621.3958)
Time: Wed Sep 11 23:44:32 2024 Hora verano Sudamérica Pacífico elapsed time: 186318.062242 seconds (2d 3h 45m 18s)

---------------  T H R E A D  ---------------

Current thread (0x00000273695c2dd0):  VMThread "VM Thread" [stack: 0x000000951f600000,0x000000951f700000] [id=13476]

Stack: [0x000000951f600000,0x000000951f700000]
Native frames: (J=compiled Java code, j=interpreted, Vv=VM code, C=native code)
V  [jvm.dll+0x67f929]
V  [jvm.dll+0x8371ba]
V  [jvm.dll+0x838c7e]
V  [jvm.dll+0x8392e3]
V  [jvm.dll+0x24834f]
V  [jvm.dll+0xa70d3]
V  [jvm.dll+0x2f9101]
V  [jvm.dll+0x2f4d00]
V  [jvm.dll+0x2dd82f]
V  [jvm.dll+0x3201f7]
V  [jvm.dll+0x83d7dd]
V  [jvm.dll+0x83e522]
V  [jvm.dll+0x83ea4f]
V  [jvm.dll+0x83ee34]
V  [jvm.dll+0x83ef00]
V  [jvm.dll+0x7e65dc]
V  [jvm.dll+0x67e7f7]
C  [ucrtbase.dll+0x29333]
C  [KERNEL32.DLL+0x1257d]
C  [ntdll.dll+0x5af28]

VM_Operation (0x0000009520eff060): G1CollectFull, mode: safepoint, requested by thread 0x000002736f4f03c0


---------------  P R O C E S S  ---------------

Threads class SMR info:
_java_thread_list=0x000002736efb57e0, length=27, elements={
0x00000273695c8780, 0x00000273695c9250, 0x0000027369842130, 0x0000027369842a00,
0x00000273698432d0, 0x0000027369845bb0, 0x00000273698565b0, 0x000002736984bf20,
0x0000027369a52a00, 0x0000027369a5b920, 0x000002736f3c6650, 0x000002736f4f03c0,
0x000002736f597060, 0x000002735e986970, 0x000002736f5168e0, 0x000002736f15da80,
0x000002736f62f040, 0x000002736f62daa0, 0x000002736f62dfb0, 0x000002736f62e9d0,
0x000002736f62e4c0, 0x000002736f62d080, 0x000002736ea83120, 0x000002736ea808a0,
0x000002736ea80db0, 0x000002736ea7fe80, 0x000002736ea85eb0
}

Java Threads: ( => current thread )
  0x00000273695c8780 JavaThread "Reference Handler" daemon [_thread_blocked, id=7520, stack(0x000000951f700000,0x000000951f800000)]
  0x00000273695c9250 JavaThread "Finalizer" daemon [_thread_blocked, id=8028, stack(0x000000951f800000,0x000000951f900000)]
  0x0000027369842130 JavaThread "Signal Dispatcher" daemon [_thread_blocked, id=33364, stack(0x000000951f900000,0x000000951fa00000)]
  0x0000027369842a00 JavaThread "Attach Listener" daemon [_thread_blocked, id=28764, stack(0x000000951fa00000,0x000000951fb00000)]
  0x00000273698432d0 JavaThread "Service Thread" daemon [_thread_blocked, id=37732, stack(0x000000951fb00000,0x000000951fc00000)]
  0x0000027369845bb0 JavaThread "Monitor Deflation Thread" daemon [_thread_blocked, id=8172, stack(0x000000951fc00000,0x000000951fd00000)]
  0x00000273698565b0 JavaThread "C1 CompilerThread0" daemon [_thread_blocked, id=15860, stack(0x000000951fd00000,0x000000951fe00000)]
  0x000002736984bf20 JavaThread "Sweeper thread" daemon [_thread_blocked, id=11120, stack(0x000000951fe00000,0x000000951ff00000)]
  0x0000027369a52a00 JavaThread "Notification Thread" daemon [_thread_blocked, id=29176, stack(0x0000009520100000,0x0000009520200000)]
  0x0000027369a5b920 JavaThread "Common-Cleaner" daemon [_thread_blocked, id=15988, stack(0x0000009520300000,0x0000009520400000)]
  0x000002736f3c6650 JavaThread "boundedElastic-evictor-1" daemon [_thread_blocked, id=28316, stack(0x0000009520d00000,0x0000009520e00000)]
  0x000002736f4f03c0 JavaThread "pool-13-thread-1" [_thread_blocked, id=31640, stack(0x0000009520e00000,0x0000009520f00000)]
  0x000002736f597060 JavaThread "LanguageServerApp-lifecycle" [_thread_blocked, id=14216, stack(0x0000009520f00000,0x0000009521000000)]
  0x000002735e986970 JavaThread "DestroyJavaVM" [_thread_blocked, id=14764, stack(0x000000951f000000,0x000000951f100000)]
  0x000002736f5168e0 JavaThread "pool-14-thread-1" [_thread_in_native, id=21152, stack(0x0000009521000000,0x0000009521100000)]
  0x000002736f15da80 JavaThread "Simple-Language-Server main thread" daemon [_thread_blocked, id=9988, stack(0x0000009521100000,0x0000009521200000)]
  0x000002736f62f040 JavaThread "pool-8-thread-1" [_thread_blocked, id=7532, stack(0x0000009521200000,0x0000009521300000)]
  0x000002736f62daa0 JavaThread "parallel-1" daemon [_thread_blocked, id=22788, stack(0x0000009521300000,0x0000009521400000)]
  0x000002736f62dfb0 JavaThread "pool-6-thread-1" [_thread_blocked, id=33740, stack(0x0000009521400000,0x0000009521500000)]
  0x000002736f62e9d0 JavaThread "parallel-2" daemon [_thread_blocked, id=32008, stack(0x0000009521500000,0x0000009521600000)]
  0x000002736f62e4c0 JavaThread "Reconciler-1" daemon [_thread_blocked, id=17272, stack(0x0000009521600000,0x0000009521700000)]
  0x000002736f62d080 JavaThread "parallel-3" daemon [_thread_blocked, id=8740, stack(0x000000951ef00000,0x000000951f000000)]
  0x000002736ea83120 JavaThread "parallel-4" daemon [_thread_blocked, id=24088, stack(0x000000951ee00000,0x000000951ef00000)]
  0x000002736ea808a0 JavaThread "parallel-5" daemon [_thread_blocked, id=16156, stack(0x0000009521800000,0x0000009521900000)]
  0x000002736ea80db0 JavaThread "parallel-6" daemon [_thread_blocked, id=15244, stack(0x0000009521900000,0x0000009521a00000)]
  0x000002736ea7fe80 JavaThread "parallel-7" daemon [_thread_blocked, id=13284, stack(0x0000009520900000,0x0000009520a00000)]
  0x000002736ea85eb0 JavaThread "parallel-8" daemon [_thread_blocked, id=34184, stack(0x0000009521a00000,0x0000009521b00000)]

Other Threads:
=>0x00000273695c2dd0 VMThread "VM Thread" [stack: 0x000000951f600000,0x000000951f700000] [id=13476]
  0x0000027369a52ee0 WatcherThread [stack: 0x0000009520200000,0x0000009520300000] [id=22100]
  0x000002735e9c3b20 GCTaskThread "GC Thread#0" [stack: 0x000000951f100000,0x000000951f200000] [id=27320]
  0x000002736e84b150 GCTaskThread "GC Thread#1" [stack: 0x0000009520400000,0x0000009520500000] [id=19880]
  0x000002736e84b410 GCTaskThread "GC Thread#2" [stack: 0x0000009520500000,0x0000009520600000] [id=2340]
  0x000002736e8408d0 GCTaskThread "GC Thread#3" [stack: 0x0000009520600000,0x0000009520700000] [id=12836]
  0x000002736e8d3c80 GCTaskThread "GC Thread#4" [stack: 0x0000009520700000,0x0000009520800000] [id=12200]
  0x000002736e7f8e70 GCTaskThread "GC Thread#5" [stack: 0x0000009520800000,0x0000009520900000] [id=20976]
  0x000002736ed2f6b0 GCTaskThread "GC Thread#6" [stack: 0x0000009520a00000,0x0000009520b00000] [id=18376]
  0x000002736ed30180 GCTaskThread "GC Thread#7" [stack: 0x0000009520b00000,0x0000009520c00000] [id=7672]
  0x000002735e9cc980 ConcurrentGCThread "G1 Main Marker" [stack: 0x000000951f200000,0x000000951f300000] [id=13456]
  0x000002735e9cd2b0 ConcurrentGCThread "G1 Conc#0" [stack: 0x000000951f300000,0x000000951f400000] [id=31868]
  0x000002736ec9ca90 ConcurrentGCThread "G1 Conc#1" [stack: 0x0000009520c00000,0x0000009520d00000] [id=13324]
  0x000002735ea1e4f0 ConcurrentGCThread "G1 Refine#0" [stack: 0x000000951f400000,0x000000951f500000] [id=7104]
  0x0000027369445e20 ConcurrentGCThread "G1 Service" [stack: 0x000000951f500000,0x000000951f600000] [id=13340]

Threads with active compile tasks:

VM state: at safepoint (normal execution)

VM Mutex/Monitor currently owned by a thread:  ([mutex/lock_event])
[0x000002735c7c16f0] Threads_lock - owner thread: 0x00000273695c2dd0
[0x000002735c7beff0] Heap_lock - owner thread: 0x000002736f4f03c0

Heap address: 0x00000000c0000000, size: 1024 MB, Compressed Oops mode: 32-bit

CDS archive(s) not mapped
Compressed class space mapped at: 0x0000000100000000-0x0000000140000000, reserved size: 1073741824
Narrow klass base: 0x0000000000000000, Narrow klass shift: 3, Narrow klass range: 0x140000000

GC Precious Log:
 CPUs: 8 total, 8 available
 Memory: 7987M
 Large Page Support: Disabled
 NUMA Support: Disabled
 Compressed Oops: Enabled (32-bit)
 Heap Region Size: 1M
 Heap Min Capacity: 8M
 Heap Initial Capacity: 126M
 Heap Max Capacity: 1G
 Pre-touch: Disabled
 Parallel Workers: 8
 Concurrent Workers: 2
 Concurrent Refinement Workers: 8
 Periodic GC: Disabled

Heap:
 garbage-first heap   total 78848K, used 25659K [0x00000000c0000000, 0x0000000100000000)
  region size 1024K, 1 young (1024K), 0 survivors (0K)
 Metaspace       used 42290K, committed 42624K, reserved 1114112K
  class space    used 5475K, committed 5632K, reserved 1048576K

Heap Regions: E=young(eden), S=young(survivor), O=old, HS=humongous(starts), HC=humongous(continues), CS=collection set, F=free, OA=open archive, CA=closed archive, TAMS=top-at-mark-start (previous, next)
|   0|0x00000000c0000000, 0x00000000c0100000, 0x00000000c0100000|100%|HS|  |TAMS 0x00000000c0100000, 0x00000000c0000000| Untracked 
|   1|0x00000000c0100000, 0x00000000c0200000, 0x00000000c0200000|100%|HC|  |TAMS 0x00000000c0200000, 0x00000000c0100000| Untracked 
|   2|0x00000000c0200000, 0x00000000c0300000, 0x00000000c0300000|100%|HC|  |TAMS 0x00000000c0300000, 0x00000000c0200000| Untracked 
|   3|0x00000000c0300000, 0x00000000c0400000, 0x00000000c0400000|100%|HC|  |TAMS 0x00000000c0400000, 0x00000000c0300000| Untracked 
|   4|0x00000000c0400000, 0x00000000c0500000, 0x00000000c0500000|100%|HS|  |TAMS 0x00000000c0500000, 0x00000000c0400000| Untracked 
|   5|0x00000000c0500000, 0x00000000c0600000, 0x00000000c0600000|100%|HC|  |TAMS 0x00000000c0600000, 0x00000000c0500000| Untracked 
|   6|0x00000000c0600000, 0x00000000c0700000, 0x00000000c0700000|100%| O|  |TAMS 0x00000000c0700000, 0x00000000c0600000| Untracked 
|   7|0x00000000c0700000, 0x00000000c0800000, 0x00000000c0800000|100%| O|  |TAMS 0x00000000c0800000, 0x00000000c0700000| Untracked 
|   8|0x00000000c0800000, 0x00000000c08fffe8, 0x00000000c0900000| 99%| O|  |TAMS 0x00000000c08fffe8, 0x00000000c0800000| Untracked 
|   9|0x00000000c0900000, 0x00000000c0a00000, 0x00000000c0a00000|100%| O|  |TAMS 0x00000000c0a00000, 0x00000000c0900000| Untracked 
|  10|0x00000000c0a00000, 0x00000000c0afe0c8, 0x00000000c0b00000| 99%| O|  |TAMS 0x00000000c0afe0c8, 0x00000000c0a00000| Untracked 
|  11|0x00000000c0b00000, 0x00000000c0bffff0, 0x00000000c0c00000| 99%| O|  |TAMS 0x00000000c0bffff0, 0x00000000c0b00000| Untracked 
|  12|0x00000000c0c00000, 0x00000000c0cffff0, 0x00000000c0d00000| 99%| O|  |TAMS 0x00000000c0cffff0, 0x00000000c0c00000| Untracked 
|  13|0x00000000c0d00000, 0x00000000c0e00000, 0x00000000c0e00000|100%| O|  |TAMS 0x00000000c0e00000, 0x00000000c0d00000| Untracked 
|  14|0x00000000c0e00000, 0x00000000c0f00000, 0x00000000c0f00000|100%| O|  |TAMS 0x00000000c0f00000, 0x00000000c0e00000| Untracked 
|  15|0x00000000c0f00000, 0x00000000c0ffffa0, 0x00000000c1000000| 99%| O|  |TAMS 0x00000000c0ffffa0, 0x00000000c0f00000| Untracked 
|  16|0x00000000c1000000, 0x00000000c10ffff8, 0x00000000c1100000| 99%| O|  |TAMS 0x00000000c10ffff8, 0x00000000c1000000| Untracked 
|  17|0x00000000c1100000, 0x00000000c11fffe8, 0x00000000c1200000| 99%| O|  |TAMS 0x00000000c11fffe8, 0x00000000c1100000| Untracked 
|  18|0x00000000c1200000, 0x00000000c12fffe8, 0x00000000c1300000| 99%| O|  |TAMS 0x00000000c12fffe8, 0x00000000c1200000| Untracked 
|  19|0x00000000c1300000, 0x00000000c1400000, 0x00000000c1400000|100%| O|  |TAMS 0x00000000c1400000, 0x00000000c1300000| Untracked 
|  20|0x00000000c1400000, 0x00000000c14fd188, 0x00000000c1500000| 98%| O|  |TAMS 0x00000000c14fd188, 0x00000000c1400000| Untracked 
|  21|0x00000000c1500000, 0x00000000c15ffff8, 0x00000000c1600000| 99%| O|  |TAMS 0x00000000c15ffff8, 0x00000000c1500000| Untracked 
|  22|0x00000000c1600000, 0x00000000c16f8248, 0x00000000c1700000| 96%| O|  |TAMS 0x00000000c16f8248, 0x00000000c1600000| Untracked 
|  23|0x00000000c1700000, 0x00000000c17f71b0, 0x00000000c1800000| 96%| O|  |TAMS 0x00000000c17f71b0, 0x00000000c1700000| Untracked 
|  24|0x00000000c1800000, 0x00000000c1900000, 0x00000000c1900000|100%| O|  |TAMS 0x00000000c1900000, 0x00000000c1800000| Untracked 
|  25|0x00000000c1900000, 0x00000000c1924900, 0x00000000c1a00000| 14%| O|  |TAMS 0x00000000c1900000, 0x00000000c1900000| Untracked 
|  26|0x00000000c1a00000, 0x00000000c1a00000, 0x00000000c1b00000|  0%| F|  |TAMS 0x00000000c1a00000, 0x00000000c1a00000| Untracked 
|  27|0x00000000c1b00000, 0x00000000c1b00000, 0x00000000c1c00000|  0%| F|  |TAMS 0x00000000c1b00000, 0x00000000c1b00000| Untracked 
|  28|0x00000000c1c00000, 0x00000000c1c00000, 0x00000000c1d00000|  0%| F|  |TAMS 0x00000000c1c00000, 0x00000000c1c00000| Untracked 
|  29|0x00000000c1d00000, 0x00000000c1d00000, 0x00000000c1e00000|  0%| F|  |TAMS 0x00000000c1d00000, 0x00000000c1d00000| Untracked 
|  30|0x00000000c1e00000, 0x00000000c1e00000, 0x00000000c1f00000|  0%| F|  |TAMS 0x00000000c1e00000, 0x00000000c1e00000| Untracked 
|  31|0x00000000c1f00000, 0x00000000c1f00000, 0x00000000c2000000|  0%| F|  |TAMS 0x00000000c1f00000, 0x00000000c1f00000| Untracked 
|  32|0x00000000c2000000, 0x00000000c2000000, 0x00000000c2100000|  0%| F|  |TAMS 0x00000000c2000000, 0x00000000c2000000| Untracked 
|  33|0x00000000c2100000, 0x00000000c2100000, 0x00000000c2200000|  0%| F|  |TAMS 0x00000000c2100000, 0x00000000c2100000| Untracked 
|  34|0x00000000c2200000, 0x00000000c2200000, 0x00000000c2300000|  0%| F|  |TAMS 0x00000000c2200000, 0x00000000c2200000| Untracked 
|  35|0x00000000c2300000, 0x00000000c2300000, 0x00000000c2400000|  0%| F|  |TAMS 0x00000000c2300000, 0x00000000c2300000| Untracked 
|  36|0x00000000c2400000, 0x00000000c2400000, 0x00000000c2500000|  0%| F|  |TAMS 0x00000000c2400000, 0x00000000c2400000| Untracked 
|  37|0x00000000c2500000, 0x00000000c2500000, 0x00000000c2600000|  0%| F|  |TAMS 0x00000000c2500000, 0x00000000c2500000| Untracked 
|  38|0x00000000c2600000, 0x00000000c2600000, 0x00000000c2700000|  0%| F|  |TAMS 0x00000000c2600000, 0x00000000c2600000| Untracked 
|  39|0x00000000c2700000, 0x00000000c2700000, 0x00000000c2800000|  0%| F|  |TAMS 0x00000000c2700000, 0x00000000c2700000| Untracked 
|  40|0x00000000c2800000, 0x00000000c2800000, 0x00000000c2900000|  0%| F|  |TAMS 0x00000000c2800000, 0x00000000c2800000| Untracked 
|  41|0x00000000c2900000, 0x00000000c2900000, 0x00000000c2a00000|  0%| F|  |TAMS 0x00000000c2900000, 0x00000000c2900000| Untracked 
|  42|0x00000000c2a00000, 0x00000000c2a00000, 0x00000000c2b00000|  0%| F|  |TAMS 0x00000000c2a00000, 0x00000000c2a00000| Untracked 
|  43|0x00000000c2b00000, 0x00000000c2b00000, 0x00000000c2c00000|  0%| F|  |TAMS 0x00000000c2b00000, 0x00000000c2b00000| Untracked 
|  44|0x00000000c2c00000, 0x00000000c2c00000, 0x00000000c2d00000|  0%| F|  |TAMS 0x00000000c2c00000, 0x00000000c2c00000| Untracked 
|  45|0x00000000c2d00000, 0x00000000c2d00000, 0x00000000c2e00000|  0%| F|  |TAMS 0x00000000c2d00000, 0x00000000c2d00000| Untracked 
|  46|0x00000000c2e00000, 0x00000000c2e00000, 0x00000000c2f00000|  0%| F|  |TAMS 0x00000000c2e00000, 0x00000000c2e00000| Untracked 
|  47|0x00000000c2f00000, 0x00000000c2f00000, 0x00000000c3000000|  0%| F|  |TAMS 0x00000000c2f00000, 0x00000000c2f00000| Untracked 
|  48|0x00000000c3000000, 0x00000000c3000000, 0x00000000c3100000|  0%| F|  |TAMS 0x00000000c3000000, 0x00000000c3000000| Untracked 
|  49|0x00000000c3100000, 0x00000000c3100000, 0x00000000c3200000|  0%| F|  |TAMS 0x00000000c3100000, 0x00000000c3100000| Untracked 
|  50|0x00000000c3200000, 0x00000000c3200000, 0x00000000c3300000|  0%| F|  |TAMS 0x00000000c3200000, 0x00000000c3200000| Untracked 
|  51|0x00000000c3300000, 0x00000000c3300000, 0x00000000c3400000|  0%| F|  |TAMS 0x00000000c3300000, 0x00000000c3300000| Untracked 
|  52|0x00000000c3400000, 0x00000000c3400000, 0x00000000c3500000|  0%| F|  |TAMS 0x00000000c3400000, 0x00000000c3400000| Untracked 
|  53|0x00000000c3500000, 0x00000000c3500000, 0x00000000c3600000|  0%| F|  |TAMS 0x00000000c3500000, 0x00000000c3500000| Untracked 
|  54|0x00000000c3600000, 0x00000000c3600000, 0x00000000c3700000|  0%| F|  |TAMS 0x00000000c3600000, 0x00000000c3600000| Untracked 
|  55|0x00000000c3700000, 0x00000000c3700000, 0x00000000c3800000|  0%| F|  |TAMS 0x00000000c3700000, 0x00000000c3700000| Untracked 
|  56|0x00000000c3800000, 0x00000000c3800000, 0x00000000c3900000|  0%| F|  |TAMS 0x00000000c3800000, 0x00000000c3800000| Untracked 
|  57|0x00000000c3900000, 0x00000000c3900000, 0x00000000c3a00000|  0%| F|  |TAMS 0x00000000c3900000, 0x00000000c3900000| Untracked 
|  58|0x00000000c3a00000, 0x00000000c3a00000, 0x00000000c3b00000|  0%| F|  |TAMS 0x00000000c3a00000, 0x00000000c3a00000| Untracked 
|  59|0x00000000c3b00000, 0x00000000c3b00000, 0x00000000c3c00000|  0%| F|  |TAMS 0x00000000c3b00000, 0x00000000c3b00000| Untracked 
|  60|0x00000000c3c00000, 0x00000000c3c00000, 0x00000000c3d00000|  0%| F|  |TAMS 0x00000000c3c00000, 0x00000000c3c00000| Untracked 
|  61|0x00000000c3d00000, 0x00000000c3d00000, 0x00000000c3e00000|  0%| F|  |TAMS 0x00000000c3d00000, 0x00000000c3d00000| Untracked 
|  62|0x00000000c3e00000, 0x00000000c3e00000, 0x00000000c3f00000|  0%| F|  |TAMS 0x00000000c3e00000, 0x00000000c3e00000| Untracked 
|  63|0x00000000c3f00000, 0x00000000c3f00000, 0x00000000c4000000|  0%| F|  |TAMS 0x00000000c3f00000, 0x00000000c3f00000| Untracked 
|  64|0x00000000c4000000, 0x00000000c4000000, 0x00000000c4100000|  0%| F|  |TAMS 0x00000000c4000000, 0x00000000c4000000| Untracked 
|  65|0x00000000c4100000, 0x00000000c4100000, 0x00000000c4200000|  0%| F|  |TAMS 0x00000000c4100000, 0x00000000c4100000| Untracked 
|  66|0x00000000c4200000, 0x00000000c4200000, 0x00000000c4300000|  0%| F|  |TAMS 0x00000000c4200000, 0x00000000c4200000| Untracked 
|  67|0x00000000c4300000, 0x00000000c4300000, 0x00000000c4400000|  0%| F|  |TAMS 0x00000000c4300000, 0x00000000c4300000| Untracked 
|  68|0x00000000c4400000, 0x00000000c4400000, 0x00000000c4500000|  0%| F|  |TAMS 0x00000000c4400000, 0x00000000c4400000| Untracked 
|  69|0x00000000c4500000, 0x00000000c4500000, 0x00000000c4600000|  0%| F|  |TAMS 0x00000000c4500000, 0x00000000c4500000| Untracked 
|  85|0x00000000c5500000, 0x00000000c5500000, 0x00000000c5600000|  0%| F|  |TAMS 0x00000000c5500000, 0x00000000c5500000| Untracked 
|  86|0x00000000c5600000, 0x00000000c5600000, 0x00000000c5700000|  0%| F|  |TAMS 0x00000000c5600000, 0x00000000c5600000| Untracked 
|  87|0x00000000c5700000, 0x00000000c5700000, 0x00000000c5800000|  0%| F|  |TAMS 0x00000000c5700000, 0x00000000c5700000| Untracked 
|  88|0x00000000c5800000, 0x00000000c5800000, 0x00000000c5900000|  0%| F|  |TAMS 0x00000000c5800000, 0x00000000c5800000| Untracked 
|  89|0x00000000c5900000, 0x00000000c5900000, 0x00000000c5a00000|  0%| F|  |TAMS 0x00000000c5900000, 0x00000000c5900000| Untracked 
| 124|0x00000000c7c00000, 0x00000000c7c00000, 0x00000000c7d00000|  0%| F|  |TAMS 0x00000000c7c00000, 0x00000000c7c00000| Untracked 
| 125|0x00000000c7d00000, 0x00000000c7d0a8c8, 0x00000000c7e00000|  4%| E|  |TAMS 0x00000000c7d00000, 0x00000000c7d00000| Complete 

Card table byte_map: [0x0000027364910000,0x0000027364b10000] _byte_map_base: 0x0000027364310000

Marking Bits (Prev, Next): (CMBitMap*) 0x000002735e9c4090, (CMBitMap*) 0x000002735e9c4050
 Prev Bits: [0x0000027365d10000, 0x0000027366d10000)
 Next Bits: [0x0000027364d10000, 0x0000027365d10000)

Polling page: 0x000002735e120000

Metaspace:

Usage:
  Non-class:     35.95 MB used.
      Class:      5.35 MB used.
       Both:     41.30 MB used.

Virtual space:
  Non-class space:       64.00 MB reserved,      36.12 MB ( 56%) committed,  1 nodes.
      Class space:        1.00 GB reserved,       5.50 MB ( <1%) committed,  1 nodes.
             Both:        1.06 GB reserved,      41.62 MB (  4%) committed. 

Chunk freelists:
   Non-Class:  11.13 MB
       Class:  10.44 MB
        Both:  21.57 MB

MaxMetaspaceSize: unlimited
CompressedClassSpaceSize: 1.00 GB
Initial GC threshold: 21.00 MB
Current GC threshold: 69.38 MB
CDS: off
MetaspaceReclaimPolicy: balanced
 - commit_granule_bytes: 65536.
 - commit_granule_words: 8192.
 - virtual_space_node_default_size: 8388608.
 - enlarge_chunks_in_place: 1.
 - new_chunks_are_fully_committed: 0.
 - uncommit_free_chunks: 1.
 - use_allocation_guard: 0.
 - handle_deallocations: 1.


Internal statistics:

num_allocs_failed_limit: 6.
num_arena_births: 622.
num_arena_deaths: 180.
num_vsnodes_births: 2.
num_vsnodes_deaths: 0.
num_space_committed: 665.
num_space_uncommitted: 0.
num_chunks_returned_to_freelist: 207.
num_chunks_taken_from_freelist: 2055.
num_chunk_merges: 63.
num_chunk_splits: 1313.
num_chunks_enlarged: 955.
num_inconsistent_stats: 0.

CodeCache: size=49152Kb used=9509Kb max_used=11187Kb free=39642Kb
 bounds [0x0000027361600000, 0x0000027362120000, 0x0000027364600000]
 total_blobs=5849 nmethods=5297 adapters=479
 compilation: enabled
              stopped_count=0, restarted_count=0
 full_count=0

Compilation events (20 events):
Event: 14869.340 Thread 0x00000273698565b0 5298       1       java.util.stream.Collectors::lambda$groupingBy$53 (43 bytes)
Event: 14869.491 Thread 0x00000273698565b0 nmethod 5298 0x0000027361e76390 code [0x0000027361e76560, 0x0000027361e76808]
Event: 14869.492 Thread 0x00000273698565b0 5299       1       org.springframework.ide.vscode.commons.languageserver.util.SimpleWorkspaceService$$Lambda$802/0x000000010055e248::apply (8 bytes)
Event: 14869.492 Thread 0x00000273698565b0 nmethod 5299 0x0000027361e76010 code [0x0000027361e761a0, 0x0000027361e76298]
Event: 14869.492 Thread 0x00000273698565b0 5300       1       java.util.stream.Collectors$$Lambda$806/0x00000001003e48f0::<init> (10 bytes)
Event: 14869.492 Thread 0x00000273698565b0 nmethod 5300 0x0000027361e75d10 code [0x0000027361e75ea0, 0x0000027361e75fb8]
Event: 14869.493 Thread 0x00000273698565b0 5301       1       org.springframework.ide.vscode.commons.languageserver.util.SimpleWorkspaceService$$Lambda$807/0x000000010055e480::apply (8 bytes)
Event: 14869.493 Thread 0x00000273698565b0 nmethod 5301 0x0000027361e75990 code [0x0000027361e75b20, 0x0000027361e75c18]
Event: 14869.493 Thread 0x00000273698565b0 5302       1       org.springframework.ide.vscode.commons.languageserver.util.SimpleWorkspaceService::lambda$didChangeWatchedFiles$3 (5 bytes)
Event: 14869.494 Thread 0x00000273698565b0 nmethod 5302 0x0000027361e75690 code [0x0000027361e75820, 0x0000027361e758d8]
Event: 14869.494 Thread 0x00000273698565b0 5303   !   1       org.springframework.ide.vscode.commons.util.UriUtil::toFile (19 bytes)
Event: 14869.499 Thread 0x00000273698565b0 nmethod 5303 0x0000027361e74f90 code [0x0000027361e75160, 0x0000027361e754f8]
Event: 15001.219 Thread 0x00000273698565b0 5304       1       org.springframework.ide.vscode.commons.languageserver.composable.LanguageServerComponents::getCodeLensHandler (4 bytes)
Event: 15001.226 Thread 0x00000273698565b0 nmethod 5304 0x0000027361e74c90 code [0x0000027361e74e20, 0x0000027361e74ef8]
Event: 15006.351 Thread 0x00000273698565b0 5305   !   1       com.google.common.cache.LocalCache$Segment::remove (276 bytes)
Event: 15006.425 Thread 0x00000273698565b0 nmethod 5305 0x0000027361e73710 code [0x0000027361e739c0, 0x0000027361e741e8]
Event: 95318.155 Thread 0x00000273698565b0 5324       1       org.springframework.ide.vscode.boot.java.utils.CompilationUnitCache::withCompilationUnit (50 bytes)
Event: 95318.196 Thread 0x00000273698565b0 nmethod 5324 0x0000027361e72c90 code [0x0000027361e72ea0, 0x0000027361e733e8]
Event: 95318.196 Thread 0x00000273698565b0 5325   !   1       org.springframework.ide.vscode.boot.java.utils.CompilationUnitCache::withCompilationUnit (308 bytes)
Event: 95318.255 Thread 0x00000273698565b0 nmethod 5325 0x0000027361e70790 code [0x0000027361e70c00, 0x0000027361e71aa8]

GC Heap History (20 events):
Event: 186214.083 GC heap after
{Heap after GC invocations=4573 (full 4564):
 garbage-first heap   total 78848K, used 25659K [0x00000000c0000000, 0x0000000100000000)
  region size 1024K, 0 young (0K), 0 survivors (0K)
 Metaspace       used 42290K, committed 42624K, reserved 1114112K
  class space    used 5475K, committed 5632K, reserved 1048576K
}
Event: 186224.366 GC heap before
{Heap before GC invocations=4573 (full 4564):
 garbage-first heap   total 78848K, used 25659K [0x00000000c0000000, 0x0000000100000000)
  region size 1024K, 1 young (1024K), 0 survivors (0K)
 Metaspace       used 42290K, committed 42624K, reserved 1114112K
  class space    used 5475K, committed 5632K, reserved 1048576K
}
Event: 186224.389 GC heap after
{Heap after GC invocations=4574 (full 4565):
 garbage-first heap   total 78848K, used 25659K [0x00000000c0000000, 0x0000000100000000)
  region size 1024K, 0 young (0K), 0 survivors (0K)
 Metaspace       used 42290K, committed 42624K, reserved 1114112K
  class space    used 5475K, committed 5632K, reserved 1048576K
}
Event: 186234.984 GC heap before
{Heap before GC invocations=4574 (full 4565):
 garbage-first heap   total 78848K, used 25659K [0x00000000c0000000, 0x0000000100000000)
  region size 1024K, 1 young (1024K), 0 survivors (0K)
 Metaspace       used 42290K, committed 42624K, reserved 1114112K
  class space    used 5475K, committed 5632K, reserved 1048576K
}
Event: 186235.081 GC heap after
{Heap after GC invocations=4575 (full 4566):
 garbage-first heap   total 78848K, used 25659K [0x00000000c0000000, 0x0000000100000000)
  region size 1024K, 0 young (0K), 0 survivors (0K)
 Metaspace       used 42290K, committed 42624K, reserved 1114112K
  class space    used 5475K, committed 5632K, reserved 1048576K
}
Event: 186245.388 GC heap before
{Heap before GC invocations=4575 (full 4566):
 garbage-first heap   total 78848K, used 25659K [0x00000000c0000000, 0x0000000100000000)
  region size 1024K, 1 young (1024K), 0 survivors (0K)
 Metaspace       used 42290K, committed 42624K, reserved 1114112K
  class space    used 5475K, committed 5632K, reserved 1048576K
}
Event: 186245.411 GC heap after
{Heap after GC invocations=4576 (full 4567):
 garbage-first heap   total 78848K, used 25659K [0x00000000c0000000, 0x0000000100000000)
  region size 1024K, 0 young (0K), 0 survivors (0K)
 Metaspace       used 42290K, committed 42624K, reserved 1114112K
  class space    used 5475K, committed 5632K, reserved 1048576K
}
Event: 186255.671 GC heap before
{Heap before GC invocations=4576 (full 4567):
 garbage-first heap   total 78848K, used 25659K [0x00000000c0000000, 0x0000000100000000)
  region size 1024K, 1 young (1024K), 0 survivors (0K)
 Metaspace       used 42290K, committed 42624K, reserved 1114112K
  class space    used 5475K, committed 5632K, reserved 1048576K
}
Event: 186255.700 GC heap after
{Heap after GC invocations=4577 (full 4568):
 garbage-first heap   total 78848K, used 25659K [0x00000000c0000000, 0x0000000100000000)
  region size 1024K, 0 young (0K), 0 survivors (0K)
 Metaspace       used 42290K, committed 42624K, reserved 1114112K
  class space    used 5475K, committed 5632K, reserved 1048576K
}
Event: 186265.980 GC heap before
{Heap before GC invocations=4577 (full 4568):
 garbage-first heap   total 78848K, used 25659K [0x00000000c0000000, 0x0000000100000000)
  region size 1024K, 1 young (1024K), 0 survivors (0K)
 Metaspace       used 42290K, committed 42624K, reserved 1114112K
  class space    used 5475K, committed 5632K, reserved 1048576K
}
Event: 186266.002 GC heap after
{Heap after GC invocations=4578 (full 4569):
 garbage-first heap   total 78848K, used 25659K [0x00000000c0000000, 0x0000000100000000)
  region size 1024K, 0 young (0K), 0 survivors (0K)
 Metaspace       used 42290K, committed 42624K, reserved 1114112K
  class space    used 5475K, committed 5632K, reserved 1048576K
}
Event: 186276.649 GC heap before
{Heap before GC invocations=4578 (full 4569):
 garbage-first heap   total 78848K, used 25659K [0x00000000c0000000, 0x0000000100000000)
  region size 1024K, 1 young (1024K), 0 survivors (0K)
 Metaspace       used 42290K, committed 42624K, reserved 1114112K
  class space    used 5475K, committed 5632K, reserved 1048576K
}
Event: 186276.671 GC heap after
{Heap after GC invocations=4579 (full 4570):
 garbage-first heap   total 78848K, used 25659K [0x00000000c0000000, 0x0000000100000000)
  region size 1024K, 0 young (0K), 0 survivors (0K)
 Metaspace       used 42290K, committed 42624K, reserved 1114112K
  class space    used 5475K, committed 5632K, reserved 1048576K
}
Event: 186287.191 GC heap before
{Heap before GC invocations=4579 (full 4570):
 garbage-first heap   total 78848K, used 25659K [0x00000000c0000000, 0x0000000100000000)
  region size 1024K, 1 young (1024K), 0 survivors (0K)
 Metaspace       used 42290K, committed 42624K, reserved 1114112K
  class space    used 5475K, committed 5632K, reserved 1048576K
}
Event: 186287.211 GC heap after
{Heap after GC invocations=4580 (full 4571):
 garbage-first heap   total 78848K, used 25659K [0x00000000c0000000, 0x0000000100000000)
  region size 1024K, 0 young (0K), 0 survivors (0K)
 Metaspace       used 42290K, committed 42624K, reserved 1114112K
  class space    used 5475K, committed 5632K, reserved 1048576K
}
Event: 186297.478 GC heap before
{Heap before GC invocations=4580 (full 4571):
 garbage-first heap   total 78848K, used 25659K [0x00000000c0000000, 0x0000000100000000)
  region size 1024K, 1 young (1024K), 0 survivors (0K)
 Metaspace       used 42290K, committed 42624K, reserved 1114112K
  class space    used 5475K, committed 5632K, reserved 1048576K
}
Event: 186297.509 GC heap after
{Heap after GC invocations=4581 (full 4572):
 garbage-first heap   total 78848K, used 25659K [0x00000000c0000000, 0x0000000100000000)
  region size 1024K, 0 young (0K), 0 survivors (0K)
 Metaspace       used 42290K, committed 42624K, reserved 1114112K
  class space    used 5475K, committed 5632K, reserved 1048576K
}
Event: 186307.779 GC heap before
{Heap before GC invocations=4581 (full 4572):
 garbage-first heap   total 78848K, used 25659K [0x00000000c0000000, 0x0000000100000000)
  region size 1024K, 1 young (1024K), 0 survivors (0K)
 Metaspace       used 42290K, committed 42624K, reserved 1114112K
  class space    used 5475K, committed 5632K, reserved 1048576K
}
Event: 186307.801 GC heap after
{Heap after GC invocations=4582 (full 4573):
 garbage-first heap   total 78848K, used 25659K [0x00000000c0000000, 0x0000000100000000)
  region size 1024K, 0 young (0K), 0 survivors (0K)
 Metaspace       used 42290K, committed 42624K, reserved 1114112K
  class space    used 5475K, committed 5632K, reserved 1048576K
}
Event: 186318.054 GC heap before
{Heap before GC invocations=4582 (full 4573):
 garbage-first heap   total 78848K, used 25659K [0x00000000c0000000, 0x0000000100000000)
  region size 1024K, 1 young (1024K), 0 survivors (0K)
 Metaspace       used 42290K, committed 42624K, reserved 1114112K
  class space    used 5475K, committed 5632K, reserved 1048576K
}

Dll operation events (8 events):
Event: 0.058 Loaded shared library c:\Users\martin\.vscode\extensions\redhat.java-1.34.0-win32-x64\jre\17.0.12-win32-x86_64\bin\java.dll
Event: 0.427 Loaded shared library C:\Users\martin\.vscode\extensions\redhat.java-1.34.0-win32-x64\jre\17.0.12-win32-x86_64\bin\net.dll
Event: 0.430 Loaded shared library C:\Users\martin\.vscode\extensions\redhat.java-1.34.0-win32-x64\jre\17.0.12-win32-x86_64\bin\nio.dll
Event: 0.459 Loaded shared library C:\Users\martin\.vscode\extensions\redhat.java-1.34.0-win32-x64\jre\17.0.12-win32-x86_64\bin\zip.dll
Event: 4.421 Loaded shared library C:\Users\martin\.vscode\extensions\redhat.java-1.34.0-win32-x64\jre\17.0.12-win32-x86_64\bin\jimage.dll
Event: 8.325 Loaded shared library c:\Users\martin\.vscode\extensions\redhat.java-1.34.0-win32-x64\jre\17.0.12-win32-x86_64\bin\verify.dll
Event: 13.154 Loaded shared library C:\Users\martin\.vscode\extensions\redhat.java-1.34.0-win32-x64\jre\17.0.12-win32-x86_64\bin\management.dll
Event: 13.166 Loaded shared library C:\Users\martin\.vscode\extensions\redhat.java-1.34.0-win32-x64\jre\17.0.12-win32-x86_64\bin\management_ext.dll

Deoptimization events (6 events):
Event: 13.541 Thread 0x000002736f5168e0 DEOPT PACKING pc=0x0000027361b6bb81 sp=0x00000095210fde80
Event: 13.541 Thread 0x000002736f5168e0 DEOPT UNPACKING pc=0x000002736165ace3 sp=0x00000095210fd310 mode 3
Event: 13.553 Thread 0x000002736f15da80 DEOPT PACKING pc=0x0000027361b3fb97 sp=0x00000095211fee50
Event: 13.553 Thread 0x000002736f15da80 DEOPT UNPACKING pc=0x000002736165ace3 sp=0x00000095211fe2a8 mode 3
Event: 347.676 Thread 0x000002736f5168e0 DEOPT PACKING pc=0x0000027361c294d4 sp=0x00000095210ff180
Event: 347.677 Thread 0x000002736f5168e0 DEOPT UNPACKING pc=0x000002736165ace3 sp=0x00000095210fe628 mode 0

Classes loaded (20 events):
Event: 163.977 Loading class java/io/FileOutputStream$1
Event: 163.979 Loading class java/io/FileOutputStream$1 done
Event: 347.928 Loading class java/util/concurrent/CompletableFuture$UniApply
Event: 347.937 Loading class java/util/concurrent/CompletableFuture$UniApply done
Event: 347.945 Loading class java/util/concurrent/CompletableFuture$UniExceptionally
Event: 347.948 Loading class java/util/concurrent/CompletableFuture$UniExceptionally done
Event: 348.505 Loading class java/util/EmptyStackException
Event: 348.506 Loading class java/util/EmptyStackException done
Event: 348.529 Loading class java/io/InvalidClassException
Event: 348.529 Loading class java/io/InvalidClassException done
Event: 348.551 Loading class java/util/ArrayList$ListItr
Event: 348.551 Loading class java/util/ArrayList$ListItr done
Event: 348.627 Loading class java/util/regex/Pattern$1
Event: 348.627 Loading class java/util/regex/Pattern$1 done
Event: 362.213 Loading class java/util/concurrent/CompletableFuture$UniCompose
Event: 362.213 Loading class java/util/concurrent/CompletableFuture$UniCompose done
Event: 362.215 Loading class java/util/concurrent/ForkJoinPool$DefaultCommonPoolForkJoinWorkerThreadFactory$1
Event: 362.216 Loading class java/util/concurrent/ForkJoinPool$DefaultCommonPoolForkJoinWorkerThreadFactory$1 done
Event: 1946.712 Loading class java/util/logging/LogRecord
Event: 1946.724 Loading class java/util/logging/LogRecord done

Classes unloaded (20 events):
Event: 174.462 Thread 0x00000273695c2dd0 Unloading class 0x000000010008a000 'java/lang/invoke/LambdaForm$MH+0x000000010008a000'
Event: 174.462 Thread 0x00000273695c2dd0 Unloading class 0x0000000100089c00 'java/lang/invoke/LambdaForm$MH+0x0000000100089c00'
Event: 174.462 Thread 0x00000273695c2dd0 Unloading class 0x0000000100089800 'java/lang/invoke/LambdaForm$MH+0x0000000100089800'
Event: 174.462 Thread 0x00000273695c2dd0 Unloading class 0x0000000100089400 'java/lang/invoke/LambdaForm$MH+0x0000000100089400'
Event: 174.462 Thread 0x00000273695c2dd0 Unloading class 0x0000000100088c00 'java/lang/invoke/LambdaForm$MH+0x0000000100088c00'
Event: 174.462 Thread 0x00000273695c2dd0 Unloading class 0x0000000100088400 'java/lang/invoke/LambdaForm$MH+0x0000000100088400'
Event: 411.297 Thread 0x00000273695c2dd0 Unloading class 0x0000000100094400 'java/lang/invoke/LambdaForm$MH+0x0000000100094400'
Event: 411.297 Thread 0x00000273695c2dd0 Unloading class 0x0000000100096000 'java/lang/invoke/LambdaForm$MH+0x0000000100096000'
Event: 411.297 Thread 0x00000273695c2dd0 Unloading class 0x0000000100258400 'java/lang/invoke/LambdaForm$MH+0x0000000100258400'
Event: 806.979 Thread 0x00000273695c2dd0 Unloading class 0x0000000100579000 'java/lang/invoke/LambdaForm$MH+0x0000000100579000'
Event: 806.980 Thread 0x00000273695c2dd0 Unloading class 0x0000000100578c00 'java/lang/invoke/LambdaForm$MH+0x0000000100578c00'
Event: 806.980 Thread 0x00000273695c2dd0 Unloading class 0x0000000100578800 'java/lang/invoke/LambdaForm$MH+0x0000000100578800'
Event: 806.980 Thread 0x00000273695c2dd0 Unloading class 0x0000000100578400 'java/lang/invoke/LambdaForm$MH+0x0000000100578400'
Event: 2020.416 Thread 0x00000273695c2dd0 Unloading class 0x0000000100583000 'java/lang/invoke/LambdaForm$MH+0x0000000100583000'
Event: 2020.416 Thread 0x00000273695c2dd0 Unloading class 0x0000000100582c00 'java/lang/invoke/LambdaForm$MH+0x0000000100582c00'
Event: 2020.416 Thread 0x00000273695c2dd0 Unloading class 0x0000000100582800 'java/lang/invoke/LambdaForm$MH+0x0000000100582800'
Event: 2020.416 Thread 0x00000273695c2dd0 Unloading class 0x0000000100582400 'java/lang/invoke/LambdaForm$MH+0x0000000100582400'
Event: 2020.416 Thread 0x00000273695c2dd0 Unloading class 0x0000000100578800 'java/lang/invoke/LambdaForm$MH+0x0000000100578800'
Event: 2020.416 Thread 0x00000273695c2dd0 Unloading class 0x0000000100578400 'java/lang/invoke/LambdaForm$MH+0x0000000100578400'
Event: 2020.416 Thread 0x00000273695c2dd0 Unloading class 0x0000000100579000 'java/lang/invoke/LambdaForm$MH+0x0000000100579000'

Classes redefined (0 events):
No events

Internal exceptions (20 events):
Event: 13.139 Thread 0x000002735e986970 Exception <a 'java/lang/NoSuchMethodError'{0x00000000c415cb00}: 'java.lang.Object java.lang.invoke.DirectMethodHandle$Holder.newInvokeSpecial(java.lang.Object, java.lang.Object, int, java.lang.Object, java.lang.Object)'> (0x00000000c415cb00) 
thrown [s\src\hotspot\share\interpreter\linkResolver.cpp, line 759]
Event: 13.140 Thread 0x000002735e986970 Exception <a 'java/lang/NoSuchMethodError'{0x00000000c4173b08}: 'java.lang.Object java.lang.invoke.DirectMethodHandle$Holder.newInvokeSpecial(java.lang.Object, java.lang.Object, java.lang.Object, int)'> (0x00000000c4173b08) 
thrown [s\src\hotspot\share\interpreter\linkResolver.cpp, line 759]
Event: 13.140 Thread 0x000002735e986970 Exception <a 'java/lang/NoSuchMethodError'{0x00000000c4177df0}: 'java.lang.Object java.lang.invoke.DirectMethodHandle$Holder.invokeSpecial(java.lang.Object, java.lang.Object, java.lang.Object, java.lang.Object, int)'> (0x00000000c4177df0) 
thrown [s\src\hotspot\share\interpreter\linkResolver.cpp, line 759]
Event: 13.140 Thread 0x000002735e986970 Exception <a 'java/lang/NoSuchMethodError'{0x00000000c417b9b8}: 'java.lang.Object java.lang.invoke.Invokers$Holder.linkToTargetMethod(java.lang.Object, java.lang.Object, int, java.lang.Object)'> (0x00000000c417b9b8) 
thrown [s\src\hotspot\share\interpreter\linkResolver.cpp, line 759]
Event: 13.511 Thread 0x000002736f5168e0 Exception <a 'java/lang/NoSuchMethodError'{0x00000000c3635fc8}: 'java.lang.Object java.lang.invoke.DirectMethodHandle$Holder.invokeStatic(java.lang.Object, java.lang.Object, java.lang.Object, int, java.lang.Object, java.lang.Object)'> (0x00000000c3635fc8) 
thrown [s\src\hotspot\share\interpreter\linkResolver.cpp, line 759]
Event: 14.167 Thread 0x000002736f62e4c0 Exception <a 'java/lang/NoSuchMethodError'{0x00000000c7ccf8e8}: 'int java.lang.invoke.DirectMethodHandle$Holder.invokeStatic(java.lang.Object)'> (0x00000000c7ccf8e8) 
thrown [s\src\hotspot\share\interpreter\linkResolver.cpp, line 759]
Event: 14.167 Thread 0x000002736f62e4c0 Exception <a 'java/lang/NoSuchMethodError'{0x00000000c7cd2d10}: 'int java.lang.invoke.DirectMethodHandle$Holder.invokeStaticInit(java.lang.Object)'> (0x00000000c7cd2d10) 
thrown [s\src\hotspot\share\interpreter\linkResolver.cpp, line 759]
Event: 163.554 Thread 0x000002736f4f03c0 Exception <a 'java/lang/NoSuchMethodError'{0x00000000c59240f8}: 'void java.lang.invoke.DirectMethodHandle$Holder.invokeStatic(java.lang.Object, long)'> (0x00000000c59240f8) 
thrown [s\src\hotspot\share\interpreter\linkResolver.cpp, line 759]
Event: 163.568 Thread 0x000002736f4f03c0 Exception <a 'java/lang/NoSuchMethodError'{0x00000000c59294a0}: 'java.lang.Object java.lang.invoke.DirectMethodHandle$Holder.newInvokeSpecial(java.lang.Object, long)'> (0x00000000c59294a0) 
thrown [s\src\hotspot\share\interpreter\linkResolver.cpp, line 759]
Event: 348.489 Thread 0x000002736f62d590 Exception <a 'java/lang/NoSuchMethodError'{0x00000000c7de53a0}: 'java.lang.Object java.lang.invoke.DirectMethodHandle$Holder.invokeStatic(java.lang.Object, java.lang.Object, java.lang.Object, java.lang.Object, int)'> (0x00000000c7de53a0) 
thrown [s\src\hotspot\share\interpreter\linkResolver.cpp, line 759]
Event: 582.689 Thread 0x000002736f15da80 Exception <a 'sun/nio/fs/WindowsException'{0x00000000c59182d8}> (0x00000000c59182d8) 
thrown [s\src\hotspot\share\prims\jni.cpp, line 516]
Event: 582.692 Thread 0x000002736f15da80 Exception <a 'sun/nio/fs/WindowsException'{0x00000000c59189a8}> (0x00000000c59189a8) 
thrown [s\src\hotspot\share\prims\jni.cpp, line 516]
Event: 5713.886 Thread 0x000002736f15da80 Exception <a 'sun/nio/fs/WindowsException'{0x00000000c7c03638}> (0x00000000c7c03638) 
thrown [s\src\hotspot\share\prims\jni.cpp, line 516]
Event: 5713.888 Thread 0x000002736f15da80 Exception <a 'sun/nio/fs/WindowsException'{0x00000000c7c03cf0}> (0x00000000c7c03cf0) 
thrown [s\src\hotspot\share\prims\jni.cpp, line 516]
Event: 14137.097 Thread 0x000002736ea84560 Exception <a 'java/lang/NoSuchMethodError'{0x00000000c7d496a8}: 'java.lang.Object java.lang.invoke.DirectMethodHandle$Holder.newInvokeSpecial(java.lang.Object, java.lang.Object, int, java.lang.Object)'> (0x00000000c7d496a8) 
thrown [s\src\hotspot\share\interpreter\linkResolver.cpp, line 759]
Event: 14137.131 Thread 0x000002736ea84560 Exception <a 'java/lang/NoSuchMethodError'{0x00000000c7d4cfc8}: 'java.lang.Object java.lang.invoke.Invokers$Holder.linkToTargetMethod(java.lang.Object, int, java.lang.Object, java.lang.Object)'> (0x00000000c7d4cfc8) 
thrown [s\src\hotspot\share\interpreter\linkResolver.cpp, line 759]
Event: 14851.400 Thread 0x000002736f15da80 Exception <a 'sun/nio/fs/WindowsException'{0x00000000c7c02e50}> (0x00000000c7c02e50) 
thrown [s\src\hotspot\share\prims\jni.cpp, line 516]
Event: 14851.403 Thread 0x000002736f15da80 Exception <a 'sun/nio/fs/WindowsException'{0x00000000c7c03508}> (0x00000000c7c03508) 
thrown [s\src\hotspot\share\prims\jni.cpp, line 516]
Event: 14857.887 Thread 0x000002736f15da80 Exception <a 'sun/nio/fs/WindowsException'{0x00000000c7c0acd0}> (0x00000000c7c0acd0) 
thrown [s\src\hotspot\share\prims\jni.cpp, line 516]
Event: 14857.887 Thread 0x000002736f15da80 Exception <a 'sun/nio/fs/WindowsException'{0x00000000c7c0b388}> (0x00000000c7c0b388) 
thrown [s\src\hotspot\share\prims\jni.cpp, line 516]

VM Operations (20 events):
Event: 186214.083 Executing VM operation: G1CollectFull done
Event: 186224.366 Executing VM operation: G1CollectFull
Event: 186224.389 Executing VM operation: G1CollectFull done
Event: 186234.984 Executing VM operation: G1CollectFull
Event: 186235.081 Executing VM operation: G1CollectFull done
Event: 186245.388 Executing VM operation: G1CollectFull
Event: 186245.411 Executing VM operation: G1CollectFull done
Event: 186255.671 Executing VM operation: G1CollectFull
Event: 186255.701 Executing VM operation: G1CollectFull done
Event: 186265.980 Executing VM operation: G1CollectFull
Event: 186266.002 Executing VM operation: G1CollectFull done
Event: 186276.640 Executing VM operation: G1CollectFull
Event: 186276.671 Executing VM operation: G1CollectFull done
Event: 186287.191 Executing VM operation: G1CollectFull
Event: 186287.211 Executing VM operation: G1CollectFull done
Event: 186297.478 Executing VM operation: G1CollectFull
Event: 186297.509 Executing VM operation: G1CollectFull done
Event: 186307.779 Executing VM operation: G1CollectFull
Event: 186307.801 Executing VM operation: G1CollectFull done
Event: 186318.054 Executing VM operation: G1CollectFull

Events (20 events):
Event: 93777.274 Thread 0x000002736ea82700 Thread exited: 0x000002736ea82700
Event: 93777.277 Thread 0x000002736ea83630 Thread exited: 0x000002736ea83630
Event: 93777.277 Thread 0x000002736ea82c10 Thread exited: 0x000002736ea82c10
Event: 93777.278 Thread 0x000002736ea812c0 Thread exited: 0x000002736ea812c0
Event: 93795.858 Thread 0x000002736ea7f460 Thread exited: 0x000002736ea7f460
Event: 93837.249 Thread 0x000002736ea821f0 Thread exited: 0x000002736ea821f0
Event: 95318.143 Thread 0x000002736ea812c0 Thread added: 0x000002736ea812c0
Event: 95318.147 Thread 0x000002736ea7f460 Thread added: 0x000002736ea7f460
Event: 95318.147 Thread 0x000002736ea859a0 Thread added: 0x000002736ea859a0
Event: 95318.148 Thread 0x000002736ea863c0 Thread added: 0x000002736ea863c0
Event: 95318.148 Thread 0x000002736ea868d0 Thread added: 0x000002736ea868d0
Event: 95318.153 Thread 0x000002736ea83b40 Thread added: 0x000002736ea83b40
Event: 95378.161 Thread 0x000002736ea812c0 Thread exited: 0x000002736ea812c0
Event: 95378.161 Thread 0x000002736ea863c0 Thread exited: 0x000002736ea863c0
Event: 95378.161 Thread 0x000002736ea7f460 Thread exited: 0x000002736ea7f460
Event: 95378.161 Thread 0x000002736ea859a0 Thread exited: 0x000002736ea859a0
Event: 95381.138 Thread 0x000002736ea83b40 Thread exited: 0x000002736ea83b40
Event: 95438.171 Thread 0x000002736ea868d0 Thread exited: 0x000002736ea868d0
Event: 171355.567 Thread 0x000002736ea82c10 Thread added: 0x000002736ea82c10
Event: 171416.860 Thread 0x000002736ea82c10 Thread exited: 0x000002736ea82c10


Dynamic libraries:
0x00007ff611470000 - 0x00007ff61147e000 	c:\Users\martin\.vscode\extensions\redhat.java-1.34.0-win32-x64\jre\17.0.12-win32-x86_64\bin\java.exe
0x00007ff8c6d10000 - 0x00007ff8c6f27000 	C:\WINDOWS\SYSTEM32\ntdll.dll
0x00007ff8c4bf0000 - 0x00007ff8c4cb4000 	C:\WINDOWS\System32\KERNEL32.DLL
0x00007ff8c4400000 - 0x00007ff8c47ad000 	C:\WINDOWS\System32\KERNELBASE.dll
0x00007ff8bb2d0000 - 0x00007ff8bb367000 	C:\WINDOWS\SYSTEM32\apphelp.dll
0x00007ff8c4860000 - 0x00007ff8c4971000 	C:\WINDOWS\System32\ucrtbase.dll
0x00007ff88c250000 - 0x00007ff88c267000 	c:\Users\martin\.vscode\extensions\redhat.java-1.34.0-win32-x64\jre\17.0.12-win32-x86_64\bin\jli.dll
0x00007ff88c100000 - 0x00007ff88c11b000 	c:\Users\martin\.vscode\extensions\redhat.java-1.34.0-win32-x64\jre\17.0.12-win32-x86_64\bin\VCRUNTIME140.dll
0x00007ff8c4a40000 - 0x00007ff8c4bee000 	C:\WINDOWS\System32\USER32.dll
0x00007ff8c40d0000 - 0x00007ff8c40f6000 	C:\WINDOWS\System32\win32u.dll
0x00007ff8a84e0000 - 0x00007ff8a8773000 	C:\WINDOWS\WinSxS\amd64_microsoft.windows.common-controls_6595b64144ccf1df_6.0.22621.3672_none_2713b9d173822955\COMCTL32.dll
0x00007ff8c4cc0000 - 0x00007ff8c4ce9000 	C:\WINDOWS\System32\GDI32.dll
0x00007ff8c5ec0000 - 0x00007ff8c5f67000 	C:\WINDOWS\System32\msvcrt.dll
0x00007ff8c4100000 - 0x00007ff8c4219000 	C:\WINDOWS\System32\gdi32full.dll
0x00007ff8c4030000 - 0x00007ff8c40ca000 	C:\WINDOWS\System32\msvcp_win.dll
0x00007ff8c50a0000 - 0x00007ff8c50d1000 	C:\WINDOWS\System32\IMM32.DLL
0x00007ff8b8e20000 - 0x00007ff8b8e2c000 	c:\Users\martin\.vscode\extensions\redhat.java-1.34.0-win32-x64\jre\17.0.12-win32-x86_64\bin\vcruntime140_1.dll
0x00007ff8816d0000 - 0x00007ff88175d000 	c:\Users\martin\.vscode\extensions\redhat.java-1.34.0-win32-x64\jre\17.0.12-win32-x86_64\bin\msvcp140.dll
0x00007ff80dd60000 - 0x00007ff80e9ca000 	c:\Users\martin\.vscode\extensions\redhat.java-1.34.0-win32-x64\jre\17.0.12-win32-x86_64\bin\server\jvm.dll
0x00007ff8c4ee0000 - 0x00007ff8c4f92000 	C:\WINDOWS\System32\ADVAPI32.dll
0x00007ff8c6aa0000 - 0x00007ff8c6b49000 	C:\WINDOWS\System32\sechost.dll
0x00007ff8c4830000 - 0x00007ff8c4858000 	C:\WINDOWS\System32\bcrypt.dll
0x00007ff8c6bb0000 - 0x00007ff8c6cc4000 	C:\WINDOWS\System32\RPCRT4.dll
0x00007ff8c5260000 - 0x00007ff8c52d1000 	C:\WINDOWS\System32\WS2_32.dll
0x00007ff8c3d40000 - 0x00007ff8c3d8d000 	C:\WINDOWS\SYSTEM32\POWRPROF.dll
0x00007ff8bf160000 - 0x00007ff8bf194000 	C:\WINDOWS\SYSTEM32\WINMM.dll
0x00007ff8b81d0000 - 0x00007ff8b81da000 	C:\WINDOWS\SYSTEM32\VERSION.dll
0x00007ff8c3d20000 - 0x00007ff8c3d33000 	C:\WINDOWS\SYSTEM32\UMPDC.dll
0x00007ff8c3060000 - 0x00007ff8c3078000 	C:\WINDOWS\SYSTEM32\kernel.appcore.dll
0x00007ff8a9f20000 - 0x00007ff8a9f2a000 	c:\Users\martin\.vscode\extensions\redhat.java-1.34.0-win32-x64\jre\17.0.12-win32-x86_64\bin\jimage.dll
0x00007ff8c16d0000 - 0x00007ff8c1902000 	C:\WINDOWS\SYSTEM32\DBGHELP.DLL
0x00007ff8c5500000 - 0x00007ff8c588d000 	C:\WINDOWS\System32\combase.dll
0x00007ff8c4e00000 - 0x00007ff8c4ed7000 	C:\WINDOWS\System32\OLEAUT32.dll
0x00007ff8a3800000 - 0x00007ff8a3832000 	C:\WINDOWS\SYSTEM32\dbgcore.DLL
0x00007ff8c47b0000 - 0x00007ff8c482b000 	C:\WINDOWS\System32\bcryptPrimitives.dll
0x00007ff88c0d0000 - 0x00007ff88c0f5000 	c:\Users\martin\.vscode\extensions\redhat.java-1.34.0-win32-x64\jre\17.0.12-win32-x86_64\bin\java.dll
0x00007ff88c080000 - 0x00007ff88c098000 	c:\Users\martin\.vscode\extensions\redhat.java-1.34.0-win32-x64\jre\17.0.12-win32-x86_64\bin\zip.dll
0x00007ff8c6220000 - 0x00007ff8c6a88000 	C:\WINDOWS\System32\SHELL32.dll
0x00007ff8c1f30000 - 0x00007ff8c282e000 	C:\WINDOWS\SYSTEM32\windows.storage.dll
0x00007ff8c1df0000 - 0x00007ff8c1f2f000 	C:\WINDOWS\SYSTEM32\wintypes.dll
0x00007ff8c4fa0000 - 0x00007ff8c5099000 	C:\WINDOWS\System32\SHCORE.dll
0x00007ff8c54a0000 - 0x00007ff8c54fe000 	C:\WINDOWS\System32\shlwapi.dll
0x00007ff8c3f60000 - 0x00007ff8c3f81000 	C:\WINDOWS\SYSTEM32\profapi.dll
0x00007ff88bd80000 - 0x00007ff88bd99000 	C:\Users\martin\.vscode\extensions\redhat.java-1.34.0-win32-x64\jre\17.0.12-win32-x86_64\bin\net.dll
0x00007ff8c0650000 - 0x00007ff8c0786000 	C:\WINDOWS\SYSTEM32\WINHTTP.dll
0x00007ff8c34d0000 - 0x00007ff8c3539000 	C:\WINDOWS\system32\mswsock.dll
0x00007ff88bd60000 - 0x00007ff88bd76000 	C:\Users\martin\.vscode\extensions\redhat.java-1.34.0-win32-x64\jre\17.0.12-win32-x86_64\bin\nio.dll
0x00007ff8a9720000 - 0x00007ff8a9730000 	c:\Users\martin\.vscode\extensions\redhat.java-1.34.0-win32-x64\jre\17.0.12-win32-x86_64\bin\verify.dll
0x00007ff8c3730000 - 0x00007ff8c374b000 	C:\WINDOWS\SYSTEM32\CRYPTSP.dll
0x00007ff8c2fc0000 - 0x00007ff8c2ff5000 	C:\WINDOWS\system32\rsaenh.dll
0x00007ff8c35d0000 - 0x00007ff8c35f8000 	C:\WINDOWS\SYSTEM32\USERENV.dll
0x00007ff8c3750000 - 0x00007ff8c375c000 	C:\WINDOWS\SYSTEM32\CRYPTBASE.dll
0x00007ff8c2ae0000 - 0x00007ff8c2b0d000 	C:\WINDOWS\SYSTEM32\IPHLPAPI.DLL
0x00007ff8c50e0000 - 0x00007ff8c50e9000 	C:\WINDOWS\System32\NSI.dll
0x00007ff8c04e0000 - 0x00007ff8c04f9000 	C:\WINDOWS\SYSTEM32\dhcpcsvc6.DLL
0x00007ff8c04b0000 - 0x00007ff8c04cf000 	C:\WINDOWS\SYSTEM32\dhcpcsvc.DLL
0x00007ff8c2b10000 - 0x00007ff8c2c08000 	C:\WINDOWS\SYSTEM32\DNSAPI.dll
0x00007ff89a080000 - 0x00007ff89a089000 	C:\Users\martin\.vscode\extensions\redhat.java-1.34.0-win32-x64\jre\17.0.12-win32-x86_64\bin\management.dll
0x00007ff8966e0000 - 0x00007ff8966eb000 	C:\Users\martin\.vscode\extensions\redhat.java-1.34.0-win32-x64\jre\17.0.12-win32-x86_64\bin\management_ext.dll
0x00007ff8c4d90000 - 0x00007ff8c4d98000 	C:\WINDOWS\System32\PSAPI.DLL

dbghelp: loaded successfully - version: 4.0.5 - missing functions: none
symbol engine: initialized successfully - sym options: 0x614 - pdb path: .;c:\Users\martin\.vscode\extensions\redhat.java-1.34.0-win32-x64\jre\17.0.12-win32-x86_64\bin;C:\WINDOWS\SYSTEM32;C:\WINDOWS\WinSxS\amd64_microsoft.windows.common-controls_6595b64144ccf1df_6.0.22621.3672_none_2713b9d173822955;c:\Users\martin\.vscode\extensions\redhat.java-1.34.0-win32-x64\jre\17.0.12-win32-x86_64\bin\server

VM Arguments:
jvm_args: -Xmx1024m -Dsts.lsp.client=vscode -Dsts.log.file=/dev/null -XX:TieredStopAtLevel=1 -Xlog:jni+resolve=off -Dspring.config.location=file:c:\Users\martin\.vscode\extensions\vmware.vscode-spring-boot-1.56.0\language-server\BOOT-INF\classes\application.properties 
java_command: org.springframework.ide.vscode.boot.app.BootLanguageServerBootApp
java_class_path (initial): c:\Users\martin\.vscode\extensions\vmware.vscode-spring-boot-1.56.0\language-server\BOOT-INF\classes;c:\Users\martin\.vscode\extensions\vmware.vscode-spring-boot-1.56.0\language-server\BOOT-INF\lib\annotations-24.1.0.jar;c:\Users\martin\.vscode\extensions\vmware.vscode-spring-boot-1.56.0\language-server\BOOT-INF\lib\antlr4-runtime-4.13.1.jar;c:\Users\martin\.vscode\extensions\vmware.vscode-spring-boot-1.56.0\language-server\BOOT-INF\lib\asm-9.7.jar;c:\Users\martin\.vscode\extensions\vmware.vscode-spring-boot-1.56.0\language-server\BOOT-INF\lib\asm-analysis-9.7.jar;c:\Users\martin\.vscode\extensions\vmware.vscode-spring-boot-1.56.0\language-server\BOOT-INF\lib\asm-tree-9.7.jar;c:\Users\martin\.vscode\extensions\vmware.vscode-spring-boot-1.56.0\language-server\BOOT-INF\lib\asm-util-9.7.jar;c:\Users\martin\.vscode\extensions\vmware.vscode-spring-boot-1.56.0\language-server\BOOT-INF\lib\caffeine-3.1.8.jar;c:\Users\martin\.vscode\extensions\vmware.vscode-spring-boot-1.56.0\language-server\BOOT-INF\lib\checker-qual-3.12.0.jar;c:\Users\martin\.vscode\extensions\vmware.vscode-spring-boot-1.56.0\language-server\BOOT-INF\lib\classgraph-4.8.149.jar;c:\Users\martin\.vscode\extensions\vmware.vscode-spring-boot-1.56.0\language-server\BOOT-INF\lib\commons-codec-1.16.1.jar;c:\Users\martin\.vscode\extensions\vmware.vscode-spring-boot-1.56.0\language-server\BOOT-INF\lib\commons-compress-1.26.2.jar;c:\Users\martin\.vscode\extensions\vmware.vscode-spring-boot-1.56.0\language-server\BOOT-INF\lib\commons-io-2.16.1.jar;c:\Users\martin\.vscode\extensions\vmware.vscode-spring-boot-1.56.0\language-server\BOOT-INF\lib\commons-java-1.56.0-SNAPSHOT.jar;c:\Users\martin\.vscode\extensions\vmware.vscode-spring-boot-1.56.0\language-server\BOOT-INF\lib\commons-lang3-3.14.0.jar;c:\Users\martin\.vscode\extensions\vmware.vscode-spring-boot-1.56.0\language-server\BOOT-INF\lib\commons-language-server-1.56.0-SNAPSHOT.jar;c:\Users\martin\.vscode\extensions\vmware.vscode-spring-
Launcher Type: SUN_STANDARD

[Global flags]
     intx CICompilerCount                          = 4                                         {product} {ergonomic}
     uint ConcGCThreads                            = 2                                         {product} {ergonomic}
     uint G1ConcRefinementThreads                  = 8                                         {product} {ergonomic}
   size_t G1HeapRegionSize                         = 1048576                                   {product} {ergonomic}
    uintx GCDrainStackTargetSize                   = 64                                        {product} {ergonomic}
   size_t InitialHeapSize                          = 132120576                                 {product} {ergonomic}
   size_t MarkStackSize                            = 4194304                                   {product} {ergonomic}
   size_t MaxHeapSize                              = 1073741824                                {product} {command line}
   size_t MaxNewSize                               = 643825664                                 {product} {ergonomic}
   size_t MinHeapDeltaBytes                        = 1048576                                   {product} {ergonomic}
   size_t MinHeapSize                              = 8388608                                   {product} {ergonomic}
    uintx NonProfiledCodeHeapSize                  = 0                                      {pd product} {ergonomic}
     bool ProfileInterpreter                       = false                                  {pd product} {command line}
    uintx ProfiledCodeHeapSize                     = 0                                      {pd product} {ergonomic}
   size_t SoftMaxHeapSize                          = 1073741824                             {manageable} {ergonomic}
     intx TieredStopAtLevel                        = 1                                         {product} {command line}
     bool UseCompressedClassPointers               = true                           {product lp64_product} {ergonomic}
     bool UseCompressedOops                        = true                           {product lp64_product} {ergonomic}
     bool UseG1GC                                  = true                                      {product} {ergonomic}
     bool UseLargePagesIndividualAllocation        = false                                  {pd product} {ergonomic}

Logging:
Log output configuration:
 #0: stdout all=warning,jni+resolve=off uptime,level,tags
 #1: stderr all=off uptime,level,tags

Environment Variables:
JAVA_HOME=C:\Program Files\Java\jdk-22
PATH=C:\app\martin\product\21c\dbhomeXE\bin;C:\Program Files\Common Files\Oracle\Java\javapath;C:\WINDOWS\system32;C:\WINDOWS;C:\WINDOWS\System32\Wbem;C:\WINDOWS\System32\WindowsPowerShell\v1.0\;C:\WINDOWS\System32\OpenSSH\;C:\Program Files\nodejs\;C:\xampp\php;C:\ProgramData\ComposerSetup\bin;C:\Program Files\Git\cmd;C:\Program Files\PuTTY\;C:\Users\martin\Downloads\maven\bin;C:\Program Files\Java\jdk-22\bin;C:\Users\martin\Downloads\maven;C:\Users\martin\Downloads\jdk;C:\Program Files\Docker\Docker\resources\bin;C:\Program Files\Amazon\AWSCLIV2\;C:\Program Files (x86)\Microsoft SQL Server\160\Tools\Binn\;C:\Program Files\Microsoft SQL Server\160\Tools\Binn\;C:\Program Files\Microsoft SQL Server\Client SDK\ODBC\170\Tools\Binn\;C:\Program Files\Microsoft SQL Server\160\DTS\Binn\;C:\Program Files (x86)\Microsoft SQL Server\160\DTS\Binn\;C:\Users\martin\AppData\Local\Programs\Python\Python311\Scripts\;C:\Users\martin\AppData\Local\Programs\Python\Python311\;C:\Users\martin\anaconda3;C:\Users\martin\anaconda3\Library\mingw-w64\bin;C:\Users\martin\anaconda3\Library\usr\bin;C:\Users\martin\anaconda3\Library\bin;C:\Users\martin\anaconda3\Scripts;C:\Users\martin\AppData\Local\Microsoft\WindowsApps;C:\Users\martin\AppData\Local\Programs\Microsoft VS Code\bin;C:\Users\martin\AppData\Roaming\npm;C:\Users\martin\AppData\Roaming\Composer\vendor\bin;C:\sqlite3;C:\Users\martin\Downloads\python-3.11.4-embed-win32\python311;C:\Program Files\MongoDB\Server\7.0\bin;C:\Program Files\MongoDB\mongosh-2.2.12-win32-x64(1)\bin;
USERNAME=martin
OS=Windows_NT
PROCESSOR_IDENTIFIER=Intel64 Family 6 Model 140 Stepping 1, GenuineIntel
TMP=C:\Users\martin\AppData\Local\Temp
TEMP=C:\Users\martin\AppData\Local\Temp



Periodic native trim disabled


---------------  S Y S T E M  ---------------

OS:
 Windows 11 , 64 bit Build 22621 (10.0.22621.3958)
OS uptime: 19 days 10:08 hours
Hyper-V role detected

CPU: total 8 (initial active 8) (4 cores per cpu, 2 threads per core) family 6 model 140 stepping 1 microcode 0x86, cx8, cmov, fxsr, ht, mmx, 3dnowpref, sse, sse2, sse3, ssse3, sse4.1, sse4.2, popcnt, lzcnt, tsc, tscinvbit, avx, avx2, aes, erms, clmul, bmi1, bmi2, adx, avx512f, avx512dq, avx512cd, avx512bw, avx512vl, sha, fma, vzeroupper, avx512_vpopcntdq, avx512_vpclmulqdq, avx512_vaes, avx512_vnni, clflush, clflushopt, clwb, avx512_vbmi2, avx512_vbmi, hv
Processor Information for processor 0
  Max Mhz: 2419, Current Mhz: 1209, Mhz Limit: 2419
Processor Information for processor 1
  Max Mhz: 2419, Current Mhz: 1209, Mhz Limit: 2419
Processor Information for processor 2
  Max Mhz: 2419, Current Mhz: 2419, Mhz Limit: 2419
Processor Information for processor 3
  Max Mhz: 2419, Current Mhz: 2419, Mhz Limit: 2419
Processor Information for processor 4
  Max Mhz: 2419, Current Mhz: 1209, Mhz Limit: 2419
Processor Information for processor 5
  Max Mhz: 2419, Current Mhz: 1209, Mhz Limit: 2419
Processor Information for processor 6
  Max Mhz: 2419, Current Mhz: 1209, Mhz Limit: 2419
Processor Information for processor 7
  Max Mhz: 2419, Current Mhz: 2419, Mhz Limit: 2419

Memory: 4k page, system-wide physical 7987M (449M free)
TotalPageFile size 32563M (AvailPageFile size 16M)
current process WorkingSet (physical memory assigned to process): 47M, peak: 172M
current process commit charge ("private bytes"): 223M, peak: 231M

vm_info: OpenJDK 64-Bit Server VM (17.0.12+7) for windows-amd64 JRE (17.0.12+7), built on Jul 16 2024 22:08:24 by "admin" with MS VC++ 16.10 / 16.11 (VS2019)

END.
